# vsim work.main_tb_uart -l log_file.log -coverage -c -do "coverage save -onexit -codeAll coverage_file.ucdb; run -all; exit" 
# Start time: 22:29:19 on May 20,2026
# ** Note: (vsim-3812) Design is being optimized...
# ** Warning: tb_uart.v(56): (vopt-2685) [TFMPC] - Too few port connections for 'urx'.  Expected 11, found 8.
# ** Warning: tb_uart.v(56): (vopt-2718) [TFMPC] - Missing connection for port 'xmit_active'.
# ** Warning: tb_uart.v(56): (vopt-2718) [TFMPC] - Missing connection for port 'xmit_doneH'.
# ** Warning: tb_uart.v(56): (vopt-2718) [TFMPC] - Missing connection for port 'uart_XMIT_dataH'.
# ** Warning: tb_uart.v(70): (vopt-2685) [TFMPC] - Too few port connections for 'urx_slow'.  Expected 11, found 8.
# ** Warning: tb_uart.v(70): (vopt-2718) [TFMPC] - Missing connection for port 'xmit_active'.
# ** Warning: tb_uart.v(70): (vopt-2718) [TFMPC] - Missing connection for port 'xmit_doneH'.
# ** Warning: tb_uart.v(70): (vopt-2718) [TFMPC] - Missing connection for port 'uart_XMIT_dataH'.
# ** Note: (vopt-143) Recognized 1 FSM in module "U_REC(fast)".
# ** Note: (vopt-143) Recognized 1 FSM in module "U_TRANS(fast)".
# //  Questa Sim
# //  Version 10.6c linux Jul 25 2017
# //
# //  Copyright 1991-2017 Mentor Graphics Corporation
# //  All Rights Reserved.
# //
# //  QuestaSim and its associated documentation contain trade
# //  secrets and commercial or financial information that are the property of
# //  Mentor Graphics Corporation and are privileged, confidential,
# //  and exempt from disclosure under the Freedom of Information Act,
# //  5 U.S.C. Section 552. Furthermore, this information
# //  is prohibited from disclosure under the Trade Secrets Act,
# //  18 U.S.C. Section 1905.
# //
# Loading work.main_tb_uart(fast)
# Loading work.U_TOP(fast)
# Loading work.U_BAUD(fast)
# Loading work.U_TRANS(fast)
# Loading work.U_REC(fast)
# coverage save -onexit -codeAll coverage_file.ucdb
#  run -all
# Time: 728438000, SUCCESS: Received expected data 86 on utx
# Time: 728438000, SUCCESS: Received expected data 86 on urx
# Time: 728438000, SUCCESS: Received expected data 86 on urx_slow
# Time: 1456438000, SUCCESS: Received expected data aa on utx
# Time: 1456438000, SUCCESS: Received expected data aa on urx
# Time: 1456438000, SUCCESS: Received expected data aa on urx_slow
# Time: 2184438000, SUCCESS: Received expected data c4 on utx
# Time: 2184438000, SUCCESS: Received expected data c4 on urx
# Time: 2184438000, SUCCESS: Received expected data c4 on urx_slow
# Time: 2912438000, SUCCESS: Received expected data 73 on utx
# Time: 2912438000, SUCCESS: Received expected data 73 on urx
# Time: 2912438000, SUCCESS: Received expected data 73 on urx_slow
# Time: 3640438000, SUCCESS: Received expected data 13 on utx
# Time: 3640438000, SUCCESS: Received expected data 13 on urx
# Time: 3640438000, SUCCESS: Received expected data 13 on urx_slow
# Time: 4196216000, SUCCESS: Received expected data 00 on urx_slow
# Time: 4196216000, SUCCESS: Received expected data 00 on urx
# Time: 4196216000, SUCCESS: Received expected data 00 on utx
# Time: 4924548000, SUCCESS: Received expected data 1b on utx
# Time: 4924548000, SUCCESS: Received expected data 1b on urx
# Time: 4924548000, SUCCESS: Received expected data 1b on urx_slow
# Time: 5652548000, SUCCESS: Received expected data 28 on utx
# Time: 5652548000, SUCCESS: Received expected data 28 on urx
# Time: 5652548000, SUCCESS: Received expected data 28 on urx_slow
# Time: 6380548000, SUCCESS: Received expected data f2 on utx
# Time: 6380548000, SUCCESS: Received expected data f2 on urx
# Time: 6380548000, SUCCESS: Received expected data f2 on urx_slow
# Time: 7108548000, SUCCESS: Received expected data e1 on utx
# Time: 7108548000, SUCCESS: Received expected data e1 on urx
# Time: 7108548000, SUCCESS: Received expected data e1 on urx_slow
# Time: 7836548000, SUCCESS: Received expected data 94 on utx
# Time: 7836548000, SUCCESS: Received expected data 94 on urx
# Time: 7836548000, SUCCESS: Received expected data 94 on urx_slow
# Time: 8564548000, SUCCESS: Received expected data 5d on utx
# Time: 8564548000, SUCCESS: Received expected data 5d on urx
# Time: 8564548000, SUCCESS: Received expected data 5d on urx_slow
# Time: 9292548000, SUCCESS: Received expected data 8a on utx
# Time: 9292548000, SUCCESS: Received expected data 8a on urx
# Time: 9292548000, SUCCESS: Received expected data 8a on urx_slow
# Time: 10020548000, SUCCESS: Received expected data da on utx
# Time: 10020548000, SUCCESS: Received expected data da on urx
# Time: 10020548000, SUCCESS: Received expected data da on urx_slow
# Time: 10748548000, SUCCESS: Received expected data 89 on utx
# Time: 10748548000, SUCCESS: Received expected data 89 on urx
# Time: 10748548000, SUCCESS: Received expected data 89 on urx_slow
# Time: 11476548000, SUCCESS: Received expected data fa on utx
# Time: 11476548000, SUCCESS: Received expected data fa on urx
# Time: 11476548000, SUCCESS: Received expected data fa on urx_slow
# Time: 12828548000, SUCCESS (Intentional Error): Expected 00, received ff on utx
# Time: 12828548000, SUCCESS (Intentional Error): Expected 00, received ff on urx
# Time: 12828548000, SUCCESS (Intentional Error): Expected 00, received ff on urx_slow
# ** Note: $finish    : tb_uart.v(239)
#    Time: 12828548 ns  Iteration: 0  Instance: /main_tb_uart
# Saving coverage database on exit...
# End time: 22:29:22 on May 20,2026, Elapsed time: 0:00:03
# Errors: 0, Warnings: 8
